// Jest Snapshot v1, https://goo.gl/fbAQLP

exports[`transitions pages via fade 1`] = `<DocumentFragment />`;
