// Jest Snapshot v1, https://goo.gl/fbAQLP

exports[`renders a pill element 1`] = `
<DocumentFragment>
  <span
    class="  cursor-pointer inline-block font-headings text-sm italic px-2 rounded-lg bg-hyper-red text-night-black "
  >
    Category A
  </span>
</DocumentFragment>
`;
