// Jest Snapshot v1, https://goo.gl/fbAQLP

exports[`expands when in view 1`] = `
<DocumentFragment>
  <div
    class="expand freeze horizontal "
  >
    <p>
      Expander
    </p>
  </div>
</DocumentFragment>
`;
