// Jest Snapshot v1, https://goo.gl/fbAQLP

exports[`renders an empty wrapper if no question data is passed in 1`] = `
<DocumentFragment>
  <div
    class=" grid  gap-8  p-2 place-items-center w-full mt-[50%] md:mt-[20%]"
  >
    <div
      class=" grid  gap-4  p-2 w-full place-self-center place-items-center"
    >
      <h2
        class="text-night-black dark:text-max-white font-headings font-semibold text-xl sm:text-5xl text-center"
      >
        Test Video
      </h2>
      <div
        class=" grid  gap-4  p-2 justify-self-stretch sm:justify-self-center"
      >
        <button
          class=" secondary  w-full sm:w-auto cursor-pointer border-2 font-bold leading-none inline-block rounded-lg text-center font-headings relative text-slate-700 bg-transparent border-slate-700 dark:text-max-white dark:border-max-white active:text-max-white active:bg-slate-700 active:border-slate-700 dark:active:bg-max-white dark:active:border-max-white dark:active:text-night-black px-5 py-2.5   "
          data-testid="button"
          type="button"
        >
          <div
            class="triangle left"
          >
            <div />
          </div>
          <div
            class="triangle right"
          >
            <div />
          </div>
          <span
            class="pointer-events-none relative z-10"
          >
            Skip to quiz
          </span>
        </button>
      </div>
    </div>
    <div
      class="w-full relative pt-[56.25%]"
    >
      <div
        class="absolute top-0 left-0"
        style="width: 100%; height: 100%;"
      />
    </div>
    <div
      class=" grid  gap-4  p-2 w-full"
    >
      <div
        class=" grid  gap-4  p-2 "
      >
        <div
          class="cursor-pointer flex justify-between md:justify-start"
          data-testid="accordionLabelClick"
        >
          <h4
            class="text-night-black dark:text-max-white font-headings font-semibold text-lg sm:text-md "
          >
            Transcript
          </h4>
          <div
            class="relative w-5 ml-4"
          >
            <div
              class="triangle accordion down"
            >
              <div />
            </div>
          </div>
        </div>
        <div
          class="relative overflow-hidden duration-300 ease-in-out h-[1px]"
        >
          <div
            class=" grid  gap-4  p-2 duration-300 ease-in-out dividerShouldExpand"
          >
            <div>
              Test Transcript
            </div>
            <hr
              class="w-full h-0 border-0 border-t-[1px] border-night-black-300 dark:border-max-white "
            />
          </div>
        </div>
      </div>
    </div>
  </div>
</DocumentFragment>
`;
