// Jest Snapshot v1, https://goo.gl/fbAQLP

exports[`fades in when in view 1`] = `
<DocumentFragment>
  <div
    class="fadeIn freeze fromLeft "
  >
    <p>
      FadeIn
    </p>
  </div>
</DocumentFragment>
`;
