// Jest Snapshot v1, https://goo.gl/fbAQLP

exports[`outputs an ad wrapper div 1`] = `
<DocumentFragment>
  <script
    async=""
    src="https://securepubads.g.doubleclick.net/tag/js/gpt.js"
  />
</DocumentFragment>
`;
