// Jest Snapshot v1, https://goo.gl/fbAQLP

exports[`pops up when in view 1`] = `
<DocumentFragment>
  <div
    class="relative popup freeze "
  >
    <p>
      Popup
    </p>
  </div>
</DocumentFragment>
`;
