// Jest Snapshot v1, https://goo.gl/fbAQLP

exports[`falls and bounces when in view 1`] = `
<DocumentFragment>
  <div
    class="relative  "
  >
    <div
      class="fallAndBounce freeze absolute fromLeft right-0 h-full w-screen"
    >
      <p>
        FallAndBounce
      </p>
    </div>
  </div>
</DocumentFragment>
`;
