// Jest Snapshot v1, https://goo.gl/fbAQLP

exports[`renders ListProgress module 1`] = `
<DocumentFragment>
  <div
    class=" grid  gap-4  p-2 relative max-h-[70vh] sm:max-h-[80vh]"
  >
    <div
      class=" grid  gap-4  p-2 fade-scroller max-w-full overflow-y-auto overflow-x-hidden"
    >
      <div
        class=" grid  gap-4  p-2 py-12"
      />
    </div>
  </div>
</DocumentFragment>
`;
