// Jest Snapshot v1, https://goo.gl/fbAQLP

exports[`renders a Tree of nodes given the dataset 1`] = `<DocumentFragment />`;
